Resolving dependencies...
Downloading packages...
  _fe_analyzer_shared 99.0.0 (100.0.0 available)
  analyzer 12.1.0 (13.0.0 available)
  dart_style 3.1.8 (3.1.9 available)
  flutter_secure_storage_darwin 0.3.2 (0.4.0 available)
  matcher 0.12.19 (0.12.20 available)
  meta 1.18.0 (1.18.2 available)
  mockito 5.6.4 (5.7.0 available)
  test 1.31.0 (1.31.1 available)
  test_api 0.7.11 (0.7.12 available)
  test_core 0.6.17 (0.6.18 available)
  vector_math 2.2.0 (2.3.0 available)
Got dependencies!
11 packages have newer versions incompatible with dependency constraints.
Try `flutter pub outdated` for more information.
Compiling lib/main.dart for the Web...                          
Wasm dry run succeeded. Consider building and testing your application with the `--wasm` flag. See docs for more info: https://docs.flutter.dev/platform-integration/web/wasm
Use --no-wasm-dry-run to disable these warnings.
Compiling lib/main.dart for the Web...                            124.1s
✓ Built build/web
